2026-01-31 15:09:04 INFO  EmployeeShiftManagementApplication:54 - Starting EmployeeShiftManagementApplication using Java 21.0.2 with PID 22732 (D:\Internship-project\employeeShiftManagement\target\classes started by harsh in D:\Internship-project\employeeShiftManagement)
2026-01-31 15:09:04 INFO  EmployeeShiftManagementApplication:652 - No active profile set, falling back to 1 default profile: "default"
2026-01-31 15:09:04 INFO  DevToolsPropertyDefaultsPostProcessor:69 - Devtools property defaults active! Set 'spring.devtools.add-properties' to 'false' to disable
2026-01-31 15:09:04 INFO  DevToolsPropertyDefaultsPostProcessor:69 - For additional web related logging consider setting the 'logging.level.web' property to 'DEBUG'
2026-01-31 15:09:04 INFO  RepositoryConfigurationDelegate:145 - Bootstrapping Spring Data JPA repositories in DEFAULT mode.
2026-01-31 15:09:04 INFO  RepositoryConfigurationDelegate:213 - Finished Spring Data repository scanning in 11 ms. Found 0 JPA repository interfaces.
2026-01-31 15:09:05 INFO  TomcatWebServer:114 - Tomcat initialized with port 8080 (http)
2026-01-31 15:09:05 INFO  Http11NioProtocol:168 - Initializing ProtocolHandler ["http-nio-8080"]
2026-01-31 15:09:05 INFO  StandardService:168 - Starting service [Tomcat]
2026-01-31 15:09:05 INFO  StandardEngine:168 - Starting Servlet engine: [Apache Tomcat/11.0.15]
2026-01-31 15:09:05 INFO  WebApplicationContextInitializer:77 - Root WebApplicationContext: initialization completed in 1065 ms
2026-01-31 15:09:05 WARN  AnnotationConfigServletWebServerApplicationContext:628 - Exception encountered during context initialization - cancelling refresh attempt: org.springframework.beans.factory.BeanCreationException: Error creating bean with name 'entityManagerFactory' defined in class path resource [org/springframework/boot/hibernate/autoconfigure/HibernateJpaConfiguration.class]: Failed to initialize dependency 'inMemoryDatabaseShutdownExecutor' of LoadTimeWeaverAware bean 'entityManagerFactory': Error creating bean with name 'inMemoryDatabaseShutdownExecutor' defined in class path resource [org/springframework/boot/devtools/autoconfigure/DevToolsDataSourceAutoConfiguration.class]: Unsatisfied dependency expressed through method 'inMemoryDatabaseShutdownExecutor' parameter 0: Error creating bean with name 'dataSource' defined in class path resource [org/springframework/boot/jdbc/autoconfigure/DataSourceConfiguration$Hikari.class]: Failed to instantiate [com.zaxxer.hikari.HikariDataSource]: Factory method 'dataSource' threw exception with message: Failed to determine a suitable driver class
2026-01-31 15:09:05 INFO  StandardService:168 - Stopping service [Tomcat]
2026-01-31 15:09:05 INFO  ConditionEvaluationReportLogger:82 - 

Error starting ApplicationContext. To display the condition evaluation report re-run your application with 'debug' enabled.
2026-01-31 15:09:05 ERROR LoggingFailureAnalysisReporter:40 - 

***************************
APPLICATION FAILED TO START
***************************

Description:

Failed to configure a DataSource: 'url' attribute is not specified and no embedded datasource could be configured.

Reason: Failed to determine a suitable driver class


Action:

Consider the following:
	If you want an embedded database (H2, HSQL or Derby), please put it on the classpath.
	If you have database settings to be loaded from a particular profile you may need to activate it (no profiles are currently active).

2026-01-31 15:10:46 INFO  EmployeeShiftManagementApplication:54 - Starting EmployeeShiftManagementApplication using Java 21.0.2 with PID 10284 (D:\Internship-project\employeeShiftManagement\target\classes started by harsh in D:\Internship-project\employeeShiftManagement)
2026-01-31 15:10:46 INFO  EmployeeShiftManagementApplication:652 - No active profile set, falling back to 1 default profile: "default"
2026-01-31 15:10:46 INFO  DevToolsPropertyDefaultsPostProcessor:69 - Devtools property defaults active! Set 'spring.devtools.add-properties' to 'false' to disable
2026-01-31 15:10:46 INFO  DevToolsPropertyDefaultsPostProcessor:69 - For additional web related logging consider setting the 'logging.level.web' property to 'DEBUG'
2026-01-31 15:10:47 INFO  RepositoryConfigurationDelegate:145 - Bootstrapping Spring Data JPA repositories in DEFAULT mode.
2026-01-31 15:10:47 INFO  RepositoryConfigurationDelegate:213 - Finished Spring Data repository scanning in 10 ms. Found 0 JPA repository interfaces.
2026-01-31 15:10:47 INFO  TomcatWebServer:114 - Tomcat initialized with port 8080 (http)
2026-01-31 15:10:47 INFO  Http11NioProtocol:168 - Initializing ProtocolHandler ["http-nio-8080"]
2026-01-31 15:10:47 INFO  StandardService:168 - Starting service [Tomcat]
2026-01-31 15:10:47 INFO  StandardEngine:168 - Starting Servlet engine: [Apache Tomcat/11.0.15]
2026-01-31 15:10:47 INFO  WebApplicationContextInitializer:77 - Root WebApplicationContext: initialization completed in 1130 ms
2026-01-31 15:10:47 WARN  AnnotationConfigServletWebServerApplicationContext:628 - Exception encountered during context initialization - cancelling refresh attempt: org.springframework.beans.factory.BeanCreationException: Error creating bean with name 'entityManagerFactory' defined in class path resource [org/springframework/boot/hibernate/autoconfigure/HibernateJpaConfiguration.class]: Failed to initialize dependency 'inMemoryDatabaseShutdownExecutor' of LoadTimeWeaverAware bean 'entityManagerFactory': Error creating bean with name 'inMemoryDatabaseShutdownExecutor' defined in class path resource [org/springframework/boot/devtools/autoconfigure/DevToolsDataSourceAutoConfiguration.class]: Unsatisfied dependency expressed through method 'inMemoryDatabaseShutdownExecutor' parameter 0: Error creating bean with name 'dataSource' defined in class path resource [org/springframework/boot/jdbc/autoconfigure/DataSourceConfiguration$Hikari.class]: Failed to instantiate [com.zaxxer.hikari.HikariDataSource]: Factory method 'dataSource' threw exception with message: Failed to determine a suitable driver class
2026-01-31 15:10:47 INFO  StandardService:168 - Stopping service [Tomcat]
2026-01-31 15:10:47 INFO  ConditionEvaluationReportLogger:82 - 

Error starting ApplicationContext. To display the condition evaluation report re-run your application with 'debug' enabled.
2026-01-31 15:10:47 ERROR LoggingFailureAnalysisReporter:40 - 

***************************
APPLICATION FAILED TO START
***************************

Description:

Failed to configure a DataSource: 'url' attribute is not specified and no embedded datasource could be configured.

Reason: Failed to determine a suitable driver class


Action:

Consider the following:
	If you want an embedded database (H2, HSQL or Derby), please put it on the classpath.
	If you have database settings to be loaded from a particular profile you may need to activate it (no profiles are currently active).

2026-01-31 15:11:59 INFO  EmployeeShiftManagementApplication:54 - Starting EmployeeShiftManagementApplication using Java 21.0.2 with PID 25312 (D:\Internship-project\employeeShiftManagement\target\classes started by harsh in D:\Internship-project\employeeShiftManagement)
2026-01-31 15:11:59 INFO  EmployeeShiftManagementApplication:652 - No active profile set, falling back to 1 default profile: "default"
2026-01-31 15:11:59 INFO  DevToolsPropertyDefaultsPostProcessor:69 - Devtools property defaults active! Set 'spring.devtools.add-properties' to 'false' to disable
2026-01-31 15:11:59 INFO  DevToolsPropertyDefaultsPostProcessor:69 - For additional web related logging consider setting the 'logging.level.web' property to 'DEBUG'
2026-01-31 15:12:00 INFO  RepositoryConfigurationDelegate:145 - Bootstrapping Spring Data JPA repositories in DEFAULT mode.
2026-01-31 15:12:00 INFO  RepositoryConfigurationDelegate:213 - Finished Spring Data repository scanning in 13 ms. Found 0 JPA repository interfaces.
2026-01-31 15:12:01 INFO  TomcatWebServer:114 - Tomcat initialized with port 8080 (http)
2026-01-31 15:12:01 INFO  Http11NioProtocol:168 - Initializing ProtocolHandler ["http-nio-8080"]
2026-01-31 15:12:01 INFO  StandardService:168 - Starting service [Tomcat]
2026-01-31 15:12:01 INFO  StandardEngine:168 - Starting Servlet engine: [Apache Tomcat/11.0.15]
2026-01-31 15:12:01 INFO  WebApplicationContextInitializer:77 - Root WebApplicationContext: initialization completed in 1359 ms
2026-01-31 15:12:01 WARN  AnnotationConfigServletWebServerApplicationContext:628 - Exception encountered during context initialization - cancelling refresh attempt: org.springframework.beans.factory.BeanCreationException: Error creating bean with name 'entityManagerFactory' defined in class path resource [org/springframework/boot/hibernate/autoconfigure/HibernateJpaConfiguration.class]: Failed to initialize dependency 'inMemoryDatabaseShutdownExecutor' of LoadTimeWeaverAware bean 'entityManagerFactory': Error creating bean with name 'inMemoryDatabaseShutdownExecutor' defined in class path resource [org/springframework/boot/devtools/autoconfigure/DevToolsDataSourceAutoConfiguration.class]: Unsatisfied dependency expressed through method 'inMemoryDatabaseShutdownExecutor' parameter 0: Error creating bean with name 'dataSource' defined in class path resource [org/springframework/boot/jdbc/autoconfigure/DataSourceConfiguration$Hikari.class]: Failed to instantiate [com.zaxxer.hikari.HikariDataSource]: Factory method 'dataSource' threw exception with message: Failed to determine a suitable driver class
2026-01-31 15:12:01 INFO  StandardService:168 - Stopping service [Tomcat]
2026-01-31 15:12:01 INFO  ConditionEvaluationReportLogger:82 - 

Error starting ApplicationContext. To display the condition evaluation report re-run your application with 'debug' enabled.
2026-01-31 15:12:01 ERROR LoggingFailureAnalysisReporter:40 - 

***************************
APPLICATION FAILED TO START
***************************

Description:

Failed to configure a DataSource: 'url' attribute is not specified and no embedded datasource could be configured.

Reason: Failed to determine a suitable driver class


Action:

Consider the following:
	If you want an embedded database (H2, HSQL or Derby), please put it on the classpath.
	If you have database settings to be loaded from a particular profile you may need to activate it (no profiles are currently active).

